NAME    AGE              OWNER/REPOSITORY   SHA   EVENT-TYPE     STATUS
repo2   15 minutes ago   owner/repo         SHA   pull_request   Success
