Name:        repo1
Namespace:   ns
URL:         https://anurl.com/repo/owner

Last Run:

PipelineRun:    pipelinerun1
Status:         Success
Commit:         https://anurl.com/repo/owner/commit/SHA
Commit Title:   A title
StartTime:      37 years ago
Duration:       1 minute

