NAME    AGE              OWNER/REPOSITORY   SHA   EVENT-TYPE     STATUS
repo1   15 minutes ago   owner/repo         SHA   pull_request   Success
