NAME    AGE            OWNER/REPOSITORY   SHA   EVENT-TYPE     STATUS
repo1   37 years ago   repo/owner         SHA   pull_request   Success
