Name:        test-run
Namespace:   optnamespace
URL:         https://anurl.com

Last Run:

PipelineRun:    pipelinerun1
Status:         Success
Commit:         https://anurl.com/commit/SHA
Commit Title:   A title
StartTime:      16 minutes ago
Duration:       1 minute

