Name:        test-run
Namespace:   ns
URL:         https://anurl.com

Last Run: 

Status:         Running
PipelineRun:    running
Event:          
Branch:         tartanpion
Commit URL:     
Commit Title:   
StartTime:      -35 minutes ago
