NAME    AGE            URL                            STATUS
repo1   37 years ago   https://anurl.com/repo/owner   Success
