NAME    AGE              URL                            STATUS
repo2   15 minutes ago   https://anurl.com/owner/repo   Success
