NAME    AGE              URL                            STATUS
repo1   15 minutes ago   https://anurl.com/owner/repo   Success
